
Allocating common symbols
Common symbol       size              file

mscount             0x4               object/kmain.o

Memory Configuration

Name             Origin             Length             Attributes
FLASH            0x0000000008000000 0x0000000000080000 xr
SRAM             0x0000000020000000 0x0000000000020000 xrw
*default*        0x0000000000000000 0xffffffffffffffff

Linker script and memory map

LOAD object/kmain.o
LOAD object/stm32_startup.o
LOAD object/sys.o
LOAD object/clock.o
LOAD object/usart.o
LOAD object/gpio.o
LOAD object/timer.o
LOAD object/scb.o
LOAD object/kstdio.o
LOAD object/sys_init.o

.text           0x0000000008000000      0xed4
                0x0000000008000000                _stext = .
 *(.isr_vector)
 .isr_vector    0x0000000008000000      0x1c4 object/stm32_startup.o
                0x0000000008000000                NVIC_VECTOR
 *(.text)
 .text          0x00000000080001c4      0x134 object/kmain.o
                0x00000000080001c4                func
                0x0000000008000200                kmain
 .text          0x00000000080002f8      0x108 object/stm32_startup.o
                0x00000000080002f8                Reset_Handler
                0x00000000080003b0                RTC_WKUP_Handler
                0x00000000080003b0                FLASH_Handler
                0x00000000080003b0                SVCall_Handler
                0x00000000080003b0                DMA2_Stream7_Handler
                0x00000000080003b0                OTG_HS_Handler
                0x00000000080003b0                DMA2_Stream3_Handler
                0x00000000080003b0                USART3_Handler
                0x00000000080003b0                PendSV_Handler
                0x00000000080003b0                NMI_Handler
                0x00000000080003b0                SAI1_Handler
                0x00000000080003b0                TIM6_DAC_Handler
                0x00000000080003b0                CAN1_RX1_Handler
                0x00000000080003b0                EXTI15_10_Handler
                0x00000000080003b0                ADC_Handler
                0x00000000080003b0                I2C1_EV_Handler
                0x00000000080003b0                TAMP_STAMP_Handler
                0x00000000080003b0                I2C3_ER_Handler
                0x00000000080003b0                WWDG_Handler
                0x00000000080003b0                EXTI4_Handler
                0x00000000080003b0                I2C3_EV_Handler
                0x00000000080003b0                DMA1_Stream1_Handler
                0x00000000080003b0                DMA2_Stream4_Handler
                0x00000000080003b0                DMA1_Stream7_Handler
                0x00000000080003b0                OTG_FS_Handler
                0x00000000080003b0                TIM1_BRK_TIM9_Handler
                0x00000000080003b0                I2C1_ER_Handler
                0x00000000080003b0                DMA1_Stream3_Handler
                0x00000000080003b0                UsageFault_Handler
                0x00000000080003b0                TIM1_UP_TIM10_Handler
                0x00000000080003b0                CAN1_RX0_Handler
                0x00000000080003b0                TIM1_CC_Handler
                0x00000000080003b0                I2C2_ER_Handler
                0x00000000080003b0                USART6_Handler
                0x00000000080003b0                TIM8_CC_Handler
                0x00000000080003b0                HDMI_CEC_Handler
                0x00000000080003b0                SAI2_Handler
                0x00000000080003b0                CAN1_SCE_Handler
                0x00000000080003b0                DMA1_Stream0_Handler
                0x00000000080003b0                OTG_HS_EP1_OUT_Handler
                0x00000000080003b0                EXTI1_Handler
                0x00000000080003b0                FMC_Handler
                0x00000000080003b0                EXTI3_Handler
                0x00000000080003b0                EXTI2_Handler
                0x00000000080003b0                UART4_Handler
                0x00000000080003b0                CAN2_RX1_Handler
                0x00000000080003b0                EXTI9_5_Handler
                0x00000000080003b0                TIM2_Handler
                0x00000000080003b0                USART1_Handler
                0x00000000080003b0                CAN2_SCE_Handler
                0x00000000080003b0                TIM3_Handler
                0x00000000080003b0                DMA2_Stream6_Handler
                0x00000000080003b0                Default_Handler
                0x00000000080003b0                DCMI_Handler
                0x00000000080003b0                TIM1_TRG_COM_TIM11_Handler
                0x00000000080003b0                RTC_Alarm_Handler
                0x00000000080003b0                TIM4_Handler
                0x00000000080003b0                TIM8_UP_TIM13_Handler
                0x00000000080003b0                CAN2_TX_Handler
                0x00000000080003b0                SPI2_Handler
                0x00000000080003b0                DMA2_Stream1_Handler
                0x00000000080003b0                DMA1_Stream2_Handler
                0x00000000080003b0                EXTI0_Handler
                0x00000000080003b0                TIM8_BRK_TIM12_Handler
                0x00000000080003b0                CAN2_RX0_Handler
                0x00000000080003b0                DMA2_Stream5_Handler
                0x00000000080003b0                DMA1_Stream6_Handler
                0x00000000080003b0                SDIO_Handler
                0x00000000080003b0                FMPI2C1_ERR_Handler
                0x00000000080003b0                USART2_Handler
                0x00000000080003b0                SPI1_Handler
                0x00000000080003b0                I2C2_EV_Handler
                0x00000000080003b0                SPDIF_Rx_Handler
                0x00000000080003b0                DMA2_Stream2_Handler
                0x00000000080003b0                SPI3_Handler
                0x00000000080003b0                DMA2_Stream0_Handler
                0x00000000080003b0                RCC_Handler
                0x00000000080003b0                PVD_Handler
                0x00000000080003b0                UART5_Handler
                0x00000000080003b0                DMA1_Stream5_Handler
                0x00000000080003b0                TIM5_Handler
                0x00000000080003b0                QuadSPI_Handler
                0x00000000080003b0                TIM7_Handler
                0x00000000080003b0                TIM8_TRG_COM_TIM14_Handler
                0x00000000080003b0                CAN1_TX_Handler
                0x00000000080003b0                FPU_Handler
                0x00000000080003b0                FMPI2C1_Handler
                0x00000000080003b0                DMA1_Stream4_Handler
                0x00000000080003b0                DebugMonitor_Handler
                0x00000000080003b0                OTG_HS_WKUP_Handler
                0x00000000080003b0                OTG_FS_WKUP_Handler
                0x00000000080003b0                SPI4_Handler
                0x00000000080003b0                OTG_HS_EP1_IN_Handler
                0x00000000080003b6                SysTick_Handler
                0x00000000080003d0                HardFault_Handler
                0x00000000080003d6                MemManage_Handler
                0x00000000080003dc                BusFault_Handler
                0x00000000080003e2                update_global_tick_count
 .text          0x0000000008000400      0x120 object/sys.o
                0x0000000008000400                sysTick_Enable
                0x0000000008000438                sysTick_Disable
                0x0000000008000458                sysTick_init
                0x0000000008000494                getSysTickCount
                0x00000000080004ac                updateSysTickCount
                0x00000000080004d4                getTime
 .text          0x0000000008000520       0xbc object/clock.o
                0x0000000008000520                DRV_CLOCK_INIT
 .text          0x00000000080005dc      0x1a8 object/usart.o
                0x00000000080005dc                DRV_USART_INIT
                0x0000000008000698                UART_SendChar
                0x00000000080006ce                _USART_WRITE
                0x00000000080006fa                _USART_READ
                0x0000000008000758                UART_GetChar
 .text          0x0000000008000784       0x20 object/gpio.o
                0x0000000008000784                DRV_GPIO_INIT
 .text          0x00000000080007a4        0xe object/timer.o
                0x00000000080007a4                DRV_TIMER_INIT
 *fill*         0x00000000080007b2        0x2 
 .text          0x00000000080007b4       0x24 object/scb.o
                0x00000000080007b4                DRV_FPU_ACTIVE
 .text          0x00000000080007d8      0x648 object/kstdio.o
                0x00000000080007d8                showError
                0x00000000080007f4                reverse
                0x000000000800085c                convertIntToString
                0x00000000080008dc                convertIntToHexString
                0x000000000800097e                convertFloatToString
                0x0000000008000aa8                convertStringToInt
                0x0000000008000afe                convertHexStringToInt
                0x0000000008000ba6                convertStringToFloat
                0x0000000008000c84                kprintf
                0x0000000008000d4c                kscanf
 .text          0x0000000008000e20       0x24 object/sys_init.o
                0x0000000008000e20                __sys_init
 *(.rodata)
 .rodata        0x0000000008000e44       0x71 object/kmain.o
 *fill*         0x0000000008000eb5        0x3 
 .rodata        0x0000000008000eb8       0x1a object/kstdio.o
                0x0000000008000ed4                . = ALIGN (0x4)
 *fill*         0x0000000008000ed2        0x2 
                0x0000000008000ed4                _etext = .
                0x0000000008000ed4                _la_data = LOADADDR (.data)

.glue_7         0x0000000008000ed4        0x0
 .glue_7        0x0000000008000ed4        0x0 linker stubs

.glue_7t        0x0000000008000ed4        0x0
 .glue_7t       0x0000000008000ed4        0x0 linker stubs

.vfp11_veneer   0x0000000008000ed4        0x0
 .vfp11_veneer  0x0000000008000ed4        0x0 linker stubs

.v4_bx          0x0000000008000ed4        0x0
 .v4_bx         0x0000000008000ed4        0x0 linker stubs

.iplt           0x0000000008000ed4        0x0
 .iplt          0x0000000008000ed4        0x0 object/kmain.o

.rel.dyn        0x0000000008000ed4        0x0
 .rel.iplt      0x0000000008000ed4        0x0 object/kmain.o

.data           0x0000000020000000        0x0 load address 0x0000000008000ed4
                0x0000000020000000                _sdata = .
 *(.data)
 .data          0x0000000020000000        0x0 object/kmain.o
 .data          0x0000000020000000        0x0 object/stm32_startup.o
 .data          0x0000000020000000        0x0 object/sys.o
 .data          0x0000000020000000        0x0 object/clock.o
 .data          0x0000000020000000        0x0 object/usart.o
 .data          0x0000000020000000        0x0 object/gpio.o
 .data          0x0000000020000000        0x0 object/timer.o
 .data          0x0000000020000000        0x0 object/scb.o
 .data          0x0000000020000000        0x0 object/kstdio.o
 .data          0x0000000020000000        0x0 object/sys_init.o
                0x0000000020000000                . = ALIGN (0x4)
                0x0000000020000000                _edata = .

.igot.plt       0x0000000020000000        0x0 load address 0x0000000008000ed4
 .igot.plt      0x0000000020000000        0x0 object/kmain.o

.bss            0x0000000020000000       0x14 load address 0x0000000008000ed4
                0x0000000020000000                _sbss = .
 *(.bss)
 .bss           0x0000000020000000        0x0 object/kmain.o
 .bss           0x0000000020000000       0x10 object/stm32_startup.o
                0x0000000020000000                _bss_size
                0x0000000020000004                _data_size
                0x0000000020000008                _text_size
                0x000000002000000c                g_tick_count
 .bss           0x0000000020000010        0x0 object/sys.o
 .bss           0x0000000020000010        0x0 object/clock.o
 .bss           0x0000000020000010        0x0 object/usart.o
 .bss           0x0000000020000010        0x0 object/gpio.o
 .bss           0x0000000020000010        0x0 object/timer.o
 .bss           0x0000000020000010        0x0 object/scb.o
 .bss           0x0000000020000010        0x0 object/kstdio.o
 .bss           0x0000000020000010        0x0 object/sys_init.o
                0x0000000020000010                _ebss = .
 COMMON         0x0000000020000010        0x4 object/kmain.o
                0x0000000020000010                mscount
OUTPUT(target/asst01 elf32-littlearm)

.comment        0x0000000000000000       0x31
 .comment       0x0000000000000000       0x31 object/kmain.o
                                         0x32 (size before relaxing)
 .comment       0x0000000000000031       0x32 object/stm32_startup.o
 .comment       0x0000000000000031       0x32 object/sys.o
 .comment       0x0000000000000031       0x32 object/clock.o
 .comment       0x0000000000000031       0x32 object/usart.o
 .comment       0x0000000000000031       0x32 object/gpio.o
 .comment       0x0000000000000031       0x32 object/timer.o
 .comment       0x0000000000000031       0x32 object/scb.o
 .comment       0x0000000000000031       0x32 object/kstdio.o
 .comment       0x0000000000000031       0x32 object/sys_init.o

.ARM.attributes
                0x0000000000000000       0x37
 .ARM.attributes
                0x0000000000000000       0x37 object/kmain.o
 .ARM.attributes
                0x0000000000000037       0x37 object/stm32_startup.o
 .ARM.attributes
                0x000000000000006e       0x37 object/sys.o
 .ARM.attributes
                0x00000000000000a5       0x37 object/clock.o
 .ARM.attributes
                0x00000000000000dc       0x37 object/usart.o
 .ARM.attributes
                0x0000000000000113       0x37 object/gpio.o
 .ARM.attributes
                0x000000000000014a       0x37 object/timer.o
 .ARM.attributes
                0x0000000000000181       0x37 object/scb.o
 .ARM.attributes
                0x00000000000001b8       0x37 object/kstdio.o
 .ARM.attributes
                0x00000000000001ef       0x37 object/sys_init.o
