
Allocating common symbols
Common symbol       size              file

mscount             0x4               object/kmain.o

Memory Configuration

Name             Origin             Length             Attributes
FLASH            0x0000000008000000 0x0000000000080000 xr
SRAM             0x0000000020000000 0x0000000000020000 xrw
*default*        0x0000000000000000 0xffffffffffffffff

Linker script and memory map

LOAD object/kmain.o
LOAD object/stm32_startup.o
LOAD object/sys.o
LOAD object/clock.o
LOAD object/usart.o
LOAD object/gpio.o
LOAD object/timer.o
LOAD object/scb.o
LOAD object/kstdio.o
LOAD object/sys_init.o

.text           0x0000000008000000     0x1e04
                0x0000000008000000                _stext = .
 *(.isr_vector)
 .isr_vector    0x0000000008000000      0x1c4 object/stm32_startup.o
                0x0000000008000000                NVIC_VECTOR
 *(.text)
 .text          0x00000000080001c4      0x610 object/kmain.o
                0x00000000080001c4                func
                0x0000000008000200                kmain
                0x0000000008000390                testGetTimeFunc
                0x0000000008000438                testEnableDisableFaultIRQ
                0x00000000080004d4                testSetPriorityGetPriority
                0x0000000008000558                testEnableDisableIRQ
                0x00000000080005b0                testSetPrimaskGetPrimask
                0x0000000008000634                testSetBASEPRIunsetBASEPRI
                0x00000000080006ec                testEnableNVICdisableNVIC
                0x0000000008000718                testEnableIRQnAndGetActive
                0x0000000008000734                testFaultMask
 .text          0x00000000080007d4       0xec object/stm32_startup.o
                0x00000000080007d4                Reset_Handler
                0x000000000800088c                RTC_WKUP_Handler
                0x000000000800088c                FLASH_Handler
                0x000000000800088c                SVCall_Handler
                0x000000000800088c                DMA2_Stream7_Handler
                0x000000000800088c                OTG_HS_Handler
                0x000000000800088c                DMA2_Stream3_Handler
                0x000000000800088c                USART3_Handler
                0x000000000800088c                PendSV_Handler
                0x000000000800088c                NMI_Handler
                0x000000000800088c                SAI1_Handler
                0x000000000800088c                TIM6_DAC_Handler
                0x000000000800088c                CAN1_RX1_Handler
                0x000000000800088c                EXTI15_10_Handler
                0x000000000800088c                ADC_Handler
                0x000000000800088c                I2C1_EV_Handler
                0x000000000800088c                TAMP_STAMP_Handler
                0x000000000800088c                I2C3_ER_Handler
                0x000000000800088c                WWDG_Handler
                0x000000000800088c                EXTI4_Handler
                0x000000000800088c                I2C3_EV_Handler
                0x000000000800088c                DMA1_Stream1_Handler
                0x000000000800088c                DMA2_Stream4_Handler
                0x000000000800088c                DMA1_Stream7_Handler
                0x000000000800088c                OTG_FS_Handler
                0x000000000800088c                TIM1_BRK_TIM9_Handler
                0x000000000800088c                I2C1_ER_Handler
                0x000000000800088c                DMA1_Stream3_Handler
                0x000000000800088c                UsageFault_Handler
                0x000000000800088c                TIM1_UP_TIM10_Handler
                0x000000000800088c                CAN1_RX0_Handler
                0x000000000800088c                TIM1_CC_Handler
                0x000000000800088c                I2C2_ER_Handler
                0x000000000800088c                USART6_Handler
                0x000000000800088c                TIM8_CC_Handler
                0x000000000800088c                HDMI_CEC_Handler
                0x000000000800088c                SAI2_Handler
                0x000000000800088c                CAN1_SCE_Handler
                0x000000000800088c                DMA1_Stream0_Handler
                0x000000000800088c                OTG_HS_EP1_OUT_Handler
                0x000000000800088c                EXTI1_Handler
                0x000000000800088c                FMC_Handler
                0x000000000800088c                EXTI3_Handler
                0x000000000800088c                EXTI2_Handler
                0x000000000800088c                UART4_Handler
                0x000000000800088c                CAN2_RX1_Handler
                0x000000000800088c                EXTI9_5_Handler
                0x000000000800088c                TIM2_Handler
                0x000000000800088c                USART1_Handler
                0x000000000800088c                CAN2_SCE_Handler
                0x000000000800088c                TIM3_Handler
                0x000000000800088c                DMA2_Stream6_Handler
                0x000000000800088c                Default_Handler
                0x000000000800088c                DCMI_Handler
                0x000000000800088c                TIM1_TRG_COM_TIM11_Handler
                0x000000000800088c                RTC_Alarm_Handler
                0x000000000800088c                TIM4_Handler
                0x000000000800088c                TIM8_UP_TIM13_Handler
                0x000000000800088c                CAN2_TX_Handler
                0x000000000800088c                SPI2_Handler
                0x000000000800088c                DMA2_Stream1_Handler
                0x000000000800088c                DMA1_Stream2_Handler
                0x000000000800088c                EXTI0_Handler
                0x000000000800088c                TIM8_BRK_TIM12_Handler
                0x000000000800088c                CAN2_RX0_Handler
                0x000000000800088c                DMA2_Stream5_Handler
                0x000000000800088c                DMA1_Stream6_Handler
                0x000000000800088c                SDIO_Handler
                0x000000000800088c                FMPI2C1_ERR_Handler
                0x000000000800088c                USART2_Handler
                0x000000000800088c                SPI1_Handler
                0x000000000800088c                I2C2_EV_Handler
                0x000000000800088c                SPDIF_Rx_Handler
                0x000000000800088c                DMA2_Stream2_Handler
                0x000000000800088c                SPI3_Handler
                0x000000000800088c                DMA2_Stream0_Handler
                0x000000000800088c                RCC_Handler
                0x000000000800088c                PVD_Handler
                0x000000000800088c                UART5_Handler
                0x000000000800088c                DMA1_Stream5_Handler
                0x000000000800088c                TIM5_Handler
                0x000000000800088c                QuadSPI_Handler
                0x000000000800088c                TIM8_TRG_COM_TIM14_Handler
                0x000000000800088c                CAN1_TX_Handler
                0x000000000800088c                FPU_Handler
                0x000000000800088c                FMPI2C1_Handler
                0x000000000800088c                DMA1_Stream4_Handler
                0x000000000800088c                DebugMonitor_Handler
                0x000000000800088c                OTG_HS_WKUP_Handler
                0x000000000800088c                OTG_FS_WKUP_Handler
                0x000000000800088c                SPI4_Handler
                0x000000000800088c                OTG_HS_EP1_IN_Handler
                0x0000000008000892                HardFault_Handler
                0x0000000008000898                MemManage_Handler
                0x000000000800089e                BusFault_Handler
                0x00000000080008a4                update_global_tick_count
 .text          0x00000000080008c0      0x5c8 object/sys.o
                0x00000000080008c0                SysTick_Handler
                0x00000000080008dc                sysTick_Enable
                0x0000000008000914                sysTick_Disable
                0x0000000008000934                sysTickInterruptEnable
                0x0000000008000954                sysTickInterruptDisable
                0x0000000008000974                sysTick_init
                0x00000000080009b8                getSysTickCount
                0x00000000080009d0                updateSysTickCount
                0x00000000080009f8                getTime
                0x0000000008000a5c                __NVIC_SetPriority
                0x0000000008000b8c                __NVIC_GetPriority
                0x0000000008000c58                __NVIC_GetActive
                0x0000000008000c9c                __NVIC_EnableIRQn
                0x0000000008000cd4                __NVIC_DisableIRQn
                0x0000000008000d10                __get_pending_IRQn
                0x0000000008000d54                __clear_pending_IRQn
                0x0000000008000d90                __enable_irq
                0x0000000008000d9e                __disable_irq
                0x0000000008000dac                __unset_BASEPRI
                0x0000000008000dc6                __set_BASEPRI
                0x0000000008000de8                __get_PRIMASK
                0x0000000008000e02                __set_PRIMASK
                0x0000000008000e1c                __get_FAULTMASK
                0x0000000008000e36                __set_FAULTMASK
                0x0000000008000e50                __enable_fault_irq
                0x0000000008000e5e                __disable_fault_irq
                0x0000000008000e6c                __enable_primask
                0x0000000008000e7a                __disable_primask
 .text          0x0000000008000e88       0xbc object/clock.o
                0x0000000008000e88                DRV_CLOCK_INIT
 .text          0x0000000008000f44      0x1a8 object/usart.o
                0x0000000008000f44                DRV_USART_INIT
                0x0000000008001000                UART_SendChar
                0x0000000008001036                _USART_WRITE
                0x0000000008001062                _USART_READ
                0x00000000080010c0                UART_GetChar
 .text          0x00000000080010ec       0x20 object/gpio.o
                0x00000000080010ec                DRV_GPIO_INIT
 .text          0x000000000800110c       0xac object/timer.o
                0x000000000800110c                DRV_TIMER_INIT
                0x0000000008001164                TIM7_Handler
 .text          0x00000000080011b8       0x24 object/scb.o
                0x00000000080011b8                DRV_FPU_ACTIVE
 .text          0x00000000080011dc      0x6bc object/kstdio.o
                0x00000000080011dc                showError
                0x00000000080011f8                reverse
                0x0000000008001260                convertIntToString
                0x00000000080012e0                convertIntToHexString
                0x0000000008001382                convertFloatToString
                0x00000000080014c4                convertStringToInt
                0x000000000800151a                convertHexStringToInt
                0x00000000080015c2                convertStringToFloat
                0x00000000080016ec                kprintf
                0x00000000080017b4                kscanf
 .text          0x0000000008001898       0x24 object/sys_init.o
                0x0000000008001898                __sys_init
 *(.rodata)
 .rodata        0x00000000080018bc      0x4ed object/kmain.o
 *fill*         0x0000000008001da9        0x3 
 .rodata        0x0000000008001dac       0x2a object/timer.o
 *fill*         0x0000000008001dd6        0x2 
 .rodata        0x0000000008001dd8       0x2c object/kstdio.o
                0x0000000008001e04                . = ALIGN (0x4)
                0x0000000008001e04                _etext = .
                0x0000000008001e04                _la_data = LOADADDR (.data)

.glue_7         0x0000000008001e04        0x0
 .glue_7        0x0000000008001e04        0x0 linker stubs

.glue_7t        0x0000000008001e04        0x0
 .glue_7t       0x0000000008001e04        0x0 linker stubs

.vfp11_veneer   0x0000000008001e04        0x0
 .vfp11_veneer  0x0000000008001e04        0x0 linker stubs

.v4_bx          0x0000000008001e04        0x0
 .v4_bx         0x0000000008001e04        0x0 linker stubs

.iplt           0x0000000008001e04        0x0
 .iplt          0x0000000008001e04        0x0 object/kmain.o

.rel.dyn        0x0000000008001e04        0x0
 .rel.iplt      0x0000000008001e04        0x0 object/kmain.o

.data           0x0000000020000000        0x0 load address 0x0000000008001e04
                0x0000000020000000                _sdata = .
 *(.data)
 .data          0x0000000020000000        0x0 object/kmain.o
 .data          0x0000000020000000        0x0 object/stm32_startup.o
 .data          0x0000000020000000        0x0 object/sys.o
 .data          0x0000000020000000        0x0 object/clock.o
 .data          0x0000000020000000        0x0 object/usart.o
 .data          0x0000000020000000        0x0 object/gpio.o
 .data          0x0000000020000000        0x0 object/timer.o
 .data          0x0000000020000000        0x0 object/scb.o
 .data          0x0000000020000000        0x0 object/kstdio.o
 .data          0x0000000020000000        0x0 object/sys_init.o
                0x0000000020000000                . = ALIGN (0x4)
                0x0000000020000000                _edata = .

.igot.plt       0x0000000020000000        0x0 load address 0x0000000008001e04
 .igot.plt      0x0000000020000000        0x0 object/kmain.o

.bss            0x0000000020000000       0x14 load address 0x0000000008001e04
                0x0000000020000000                _sbss = .
 *(.bss)
 .bss           0x0000000020000000        0x0 object/kmain.o
 .bss           0x0000000020000000       0x10 object/stm32_startup.o
                0x0000000020000000                _bss_size
                0x0000000020000004                _data_size
                0x0000000020000008                _text_size
                0x000000002000000c                g_tick_count
 .bss           0x0000000020000010        0x0 object/sys.o
 .bss           0x0000000020000010        0x0 object/clock.o
 .bss           0x0000000020000010        0x0 object/usart.o
 .bss           0x0000000020000010        0x0 object/gpio.o
 .bss           0x0000000020000010        0x0 object/timer.o
 .bss           0x0000000020000010        0x0 object/scb.o
 .bss           0x0000000020000010        0x0 object/kstdio.o
 .bss           0x0000000020000010        0x0 object/sys_init.o
                0x0000000020000010                _ebss = .
 COMMON         0x0000000020000010        0x4 object/kmain.o
                0x0000000020000010                mscount
OUTPUT(target/asst01 elf32-littlearm)

.comment        0x0000000000000000       0x31
 .comment       0x0000000000000000       0x31 object/kmain.o
                                         0x32 (size before relaxing)
 .comment       0x0000000000000031       0x32 object/stm32_startup.o
 .comment       0x0000000000000031       0x32 object/sys.o
 .comment       0x0000000000000031       0x32 object/clock.o
 .comment       0x0000000000000031       0x32 object/usart.o
 .comment       0x0000000000000031       0x32 object/gpio.o
 .comment       0x0000000000000031       0x32 object/timer.o
 .comment       0x0000000000000031       0x32 object/scb.o
 .comment       0x0000000000000031       0x32 object/kstdio.o
 .comment       0x0000000000000031       0x32 object/sys_init.o

.ARM.attributes
                0x0000000000000000       0x37
 .ARM.attributes
                0x0000000000000000       0x37 object/kmain.o
 .ARM.attributes
                0x0000000000000037       0x37 object/stm32_startup.o
 .ARM.attributes
                0x000000000000006e       0x37 object/sys.o
 .ARM.attributes
                0x00000000000000a5       0x37 object/clock.o
 .ARM.attributes
                0x00000000000000dc       0x37 object/usart.o
 .ARM.attributes
                0x0000000000000113       0x37 object/gpio.o
 .ARM.attributes
                0x000000000000014a       0x37 object/timer.o
 .ARM.attributes
                0x0000000000000181       0x37 object/scb.o
 .ARM.attributes
                0x00000000000001b8       0x37 object/kstdio.o
 .ARM.attributes
                0x00000000000001ef       0x37 object/sys_init.o
